Copyright 1986-2021 Xilinx, Inc. All Rights Reserved.
--------------------------------------------------------------------------------------------------------
| Tool Version : Vivado v.2021.2 (lin64) Build 3367213 Tue Oct 19 02:47:39 MDT 2021
| Date         : Wed Jun 26 12:37:33 2024
| Host         : krisemi-satcom-Vostro-3520 running 64-bit Ubuntu 20.04.6 LTS
| Command      : report_clock_utilization -file design_with_dvb_s2_wrapper_clock_utilization_routed.rpt
| Design       : design_with_dvb_s2_wrapper
| Device       : 7z020-clg484
| Speed File   : -1  PRODUCTION 1.12 2019-11-22
| Design State : Routed
--------------------------------------------------------------------------------------------------------

Clock Utilization Report

Table of Contents
-----------------
1. Clock Primitive Utilization
2. Global Clock Resources
3. Global Clock Source Details
4. Clock Regions: Key Resource Utilization
5. Clock Regions : Global Clock Summary
6. Device Cell Placement Summary for Global Clock g0
7. Device Cell Placement Summary for Global Clock g1
8. Device Cell Placement Summary for Global Clock g2
9. Device Cell Placement Summary for Global Clock g3
10. Device Cell Placement Summary for Global Clock g4
11. Device Cell Placement Summary for Global Clock g5
12. Clock Region Cell Placement per Global Clock: Region X0Y0
13. Clock Region Cell Placement per Global Clock: Region X1Y0
14. Clock Region Cell Placement per Global Clock: Region X0Y1
15. Clock Region Cell Placement per Global Clock: Region X1Y1
16. Clock Region Cell Placement per Global Clock: Region X0Y2
17. Clock Region Cell Placement per Global Clock: Region X1Y2

1. Clock Primitive Utilization
------------------------------

+----------+------+-----------+-----+--------------+--------+
| Type     | Used | Available | LOC | Clock Region | Pblock |
+----------+------+-----------+-----+--------------+--------+
| BUFGCTRL |    4 |        32 |   0 |            0 |      0 |
| BUFH     |    0 |        72 |   0 |            0 |      0 |
| BUFIO    |    0 |        16 |   0 |            0 |      0 |
| BUFMR    |    0 |         8 |   0 |            0 |      0 |
| BUFR     |    2 |        16 |   0 |            0 |      0 |
| MMCM     |    0 |         4 |   0 |            0 |      0 |
| PLL      |    0 |         4 |   0 |            0 |      0 |
+----------+------+-----------+-----+--------------+--------+


2. Global Clock Resources
-------------------------

+-----------+-----------+-----------------+------------+----------------+--------------+-------------------+-------------+-----------------+--------------+-----------------+-----------------------------------------------------------------------+--------------------------------------------------------------+
| Global Id | Source Id | Driver Type/Pin | Constraint | Site           | Clock Region | Load Clock Region | Clock Loads | Non-Clock Loads | Clock Period | Clock           | Driver Pin                                                            | Net                                                          |
+-----------+-----------+-----------------+------------+----------------+--------------+-------------------+-------------+-----------------+--------------+-----------------+-----------------------------------------------------------------------+--------------------------------------------------------------+
| g0        | src0      | BUFG/O          | None       | BUFGCTRL_X0Y16 | n/a          |                 6 |       15506 |               0 |       10.000 | clk_fpga_0      | design_with_dvb_s2_i/sys_ps7/inst/buffer_fclk_clk_0.FCLK_CLK_0_BUFG/O | design_with_dvb_s2_i/sys_ps7/inst/FCLK_CLK0                  |
| g1        | src1      | BUFG/O          | None       | BUFGCTRL_X0Y17 | n/a          |                 6 |       10279 |               2 |        4.000 | rx_clk          | design_with_dvb_s2_i/axi_ad9361/inst/i_dev_if/i_clk/i_clk_gbuf/O      | design_with_dvb_s2_i/axi_ad9361/inst/i_dev_if/i_clk/clk      |
| g2        | src2      | BUFGCTRL/O      | None       | BUFGCTRL_X0Y19 | n/a          |                 2 |         534 |               0 |       16.000 | clk_div_sel_0_s | design_with_dvb_s2_i/util_ad9361_divclk/inst/i_div_clk_gbuf/O         | design_with_dvb_s2_i/util_ad9361_divclk/inst/clk_out         |
| g2        | src3      | BUFGCTRL/O      | None       | BUFGCTRL_X0Y19 | n/a          |                 2 |         534 |               0 |       16.000 | clk_div_sel_1_s | design_with_dvb_s2_i/util_ad9361_divclk/inst/i_div_clk_gbuf/O         | design_with_dvb_s2_i/util_ad9361_divclk/inst/clk_out         |
| g3        | src4      | BUFG/O          | None       | BUFGCTRL_X0Y18 | n/a          |                 1 |           6 |               0 |        5.000 | clk_fpga_1      | design_with_dvb_s2_i/sys_ps7/inst/buffer_fclk_clk_1.FCLK_CLK_1_BUFG/O | design_with_dvb_s2_i/sys_ps7/inst/FCLK_CLK1                  |
| g4        | src1      | BUFR/O          | None       | BUFR_X1Y9      | X1Y2         |                 1 |           1 |               0 |       16.000 | clk_div_sel_0_s | design_with_dvb_s2_i/util_ad9361_divclk/inst/clk_divide_sel_0/O       | design_with_dvb_s2_i/util_ad9361_divclk/inst/clk_div_sel_0_s |
| g5        | src1      | BUFR/O          | None       | BUFR_X1Y8      | X1Y2         |                 1 |           1 |               0 |        8.000 | clk_div_sel_1_s | design_with_dvb_s2_i/util_ad9361_divclk/inst/clk_divide_sel_1/O       | design_with_dvb_s2_i/util_ad9361_divclk/inst/clk_div_sel_1_s |
+-----------+-----------+-----------------+------------+----------------+--------------+-------------------+-------------+-----------------+--------------+-----------------+-----------------------------------------------------------------------+--------------------------------------------------------------+
* Clock Loads column represents the clock pin loads (pin count)
** Non-Clock Loads column represents the non-clock pin loads (pin count)


3. Global Clock Source Details
------------------------------

+-----------+-----------+-----------------+------------+----------------+--------------+-------------+-----------------+---------------------+-----------------+---------------------------------------------------------------------+----------------------------------------------------------------+
| Source Id | Global Id | Driver Type/Pin | Constraint | Site           | Clock Region | Clock Loads | Non-Clock Loads | Source Clock Period | Source Clock    | Driver Pin                                                          | Net                                                            |
+-----------+-----------+-----------------+------------+----------------+--------------+-------------+-----------------+---------------------+-----------------+---------------------------------------------------------------------+----------------------------------------------------------------+
| src0      | g0        | PS7/FCLKCLK[0]  | PS7_X0Y0   | PS7_X0Y0       | X0Y2         |           1 |               0 |              10.000 | clk_fpga_0      | design_with_dvb_s2_i/sys_ps7/inst/PS7_i/FCLKCLK[0]                  | design_with_dvb_s2_i/sys_ps7/inst/FCLK_CLK_unbuffered[0]       |
| src1      | g1        | IBUFDS/O        | IOB_X1Y78  | IOB_X1Y78      | X1Y1         |           1 |               0 |               4.000 | rx_clk          | design_with_dvb_s2_i/axi_ad9361/inst/i_dev_if/i_clk/i_rx_clk_ibuf/O | design_with_dvb_s2_i/axi_ad9361/inst/i_dev_if/i_clk/clk_ibuf_s |
| src1      | g4        | BUFG/O          | None       | BUFGCTRL_X0Y17 | n/a          |       10281 |               0 |               4.000 | rx_clk          | design_with_dvb_s2_i/axi_ad9361/inst/i_dev_if/i_clk/i_clk_gbuf/O    | design_with_dvb_s2_i/axi_ad9361/inst/i_dev_if/i_clk/clk        |
| src1      | g5        | BUFG/O          | None       | BUFGCTRL_X0Y17 | n/a          |       10281 |               0 |               4.000 | rx_clk          | design_with_dvb_s2_i/axi_ad9361/inst/i_dev_if/i_clk/i_clk_gbuf/O    | design_with_dvb_s2_i/axi_ad9361/inst/i_dev_if/i_clk/clk        |
| src2      | g2        | BUFR/O          | None       | BUFR_X1Y9      | X1Y2         |           1 |               0 |              16.000 | clk_div_sel_0_s | design_with_dvb_s2_i/util_ad9361_divclk/inst/clk_divide_sel_0/O     | design_with_dvb_s2_i/util_ad9361_divclk/inst/clk_div_sel_0_s   |
| src3      | g2        | BUFR/O          | None       | BUFR_X1Y8      | X1Y2         |           0 |               0 |               8.000 | clk_div_sel_1_s | design_with_dvb_s2_i/util_ad9361_divclk/inst/clk_divide_sel_1/O     | design_with_dvb_s2_i/util_ad9361_divclk/inst/clk_div_sel_1_s   |
| src4      | g3        | PS7/FCLKCLK[1]  | PS7_X0Y0   | PS7_X0Y0       | X0Y2         |           1 |               0 |               5.000 | clk_fpga_1      | design_with_dvb_s2_i/sys_ps7/inst/PS7_i/FCLKCLK[1]                  | design_with_dvb_s2_i/sys_ps7/inst/FCLK_CLK_unbuffered[1]       |
+-----------+-----------+-----------------+------------+----------------+--------------+-------------+-----------------+---------------------+-----------------+---------------------------------------------------------------------+----------------------------------------------------------------+
* Clock Loads column represents the clock pin loads (pin count)
** Non-Clock Loads column represents the non-clock pin loads (pin count)


4. Clock Regions: Key Resource Utilization
------------------------------------------

+-------------------+--------------+--------------+--------------+--------------+--------------+--------------+--------------+--------------+--------------+--------------+--------------+--------------+--------------+--------------+--------------+
|                   | Global Clock |     BUFRs    |    BUFMRs    |    BUFIOs    |     MMCM     |      PLL     |      GT      |      PCI     |    ILOGIC    |    OLOGIC    |      FF      |     LUTM     |    RAMB18    |    RAMB36    |    DSP48E2   |
+-------------------+------+-------+------+-------+------+-------+------+-------+------+-------+------+-------+------+-------+------+-------+------+-------+------+-------+------+-------+------+-------+------+-------+------+-------+------+-------+
| Clock Region Name | Used | Avail | Used | Avail | Used | Avail | Used | Avail | Used | Avail | Used | Avail | Used | Avail | Used | Avail | Used | Avail | Used | Avail | Used | Avail | Used | Avail | Used | Avail | Used | Avail | Used | Avail |
+-------------------+------+-------+------+-------+------+-------+------+-------+------+-------+------+-------+------+-------+------+-------+------+-------+------+-------+------+-------+------+-------+------+-------+------+-------+------+-------+
| X0Y0              |    2 |    12 |    0 |     4 |    0 |     2 |    0 |     4 |    0 |     1 |    0 |     1 |    0 |     0 |    0 |     0 |    0 |    50 |    0 |    50 | 4368 |  2500 | 1835 |  1000 |    0 |    60 |    8 |    30 |    3 |    60 |
| X1Y0              |    2 |    12 |    0 |     4 |    0 |     2 |    0 |     4 |    0 |     1 |    0 |     1 |    0 |     0 |    0 |     0 |    0 |    50 |    0 |    50 | 8696 |  3200 | 2432 |   850 |    0 |    60 |   10 |    30 |   12 |    40 |
| X0Y1              |    3 |    12 |    0 |     0 |    0 |     0 |    0 |     0 |    0 |     0 |    0 |     0 |    0 |     0 |    0 |     0 |    0 |     0 |    0 |     0 | 3408 |  1200 | 1517 |   400 |    0 |    20 |    2 |    10 |    0 |    20 |
| X1Y1              |    4 |    12 |    0 |     4 |    0 |     2 |    0 |     4 |    0 |     1 |    0 |     1 |    0 |     0 |    0 |     0 |    7 |    50 |   10 |    50 | 7028 |  2600 | 2869 |   850 |    0 |    60 |    1 |    30 |    8 |    40 |
| X0Y2              |    2 |    12 |    0 |     0 |    0 |     0 |    0 |     0 |    0 |     0 |    0 |     0 |    0 |     0 |    0 |     0 |    0 |     0 |    0 |     0 |  512 |  1200 |  202 |   400 |    0 |    20 |    0 |    10 |    0 |    20 |
| X1Y2              |    2 |    12 |    2 |     4 |    0 |     2 |    0 |     4 |    0 |     1 |    0 |     1 |    0 |     0 |    0 |     0 |    0 |    50 |    0 |    50 | 1010 |  2600 |  453 |   850 |    0 |    60 |    0 |    30 |    5 |    40 |
+-------------------+------+-------+------+-------+------+-------+------+-------+------+-------+------+-------+------+-------+------+-------+------+-------+------+-------+------+-------+------+-------+------+-------+------+-------+------+-------+
* Global Clock column represents track count; while other columns represents cell counts


5. Clock Regions : Global Clock Summary
---------------------------------------

All Modules
+----+----+----+
|    | X0 | X1 |
+----+----+----+
| Y2 |  2 |  2 |
| Y1 |  3 |  4 |
| Y0 |  2 |  2 |
+----+----+----+


6. Device Cell Placement Summary for Global Clock g0
----------------------------------------------------

+-----------+-----------------+-------------------+------------+-------------+---------------+-------------+----------+----------------+----------+---------------------------------------------+
| Global Id | Driver Type/Pin | Driver Region (D) | Clock      | Period (ns) | Waveform (ns) | Slice Loads | IO Loads | Clocking Loads | GT Loads | Net                                         |
+-----------+-----------------+-------------------+------------+-------------+---------------+-------------+----------+----------------+----------+---------------------------------------------+
| g0        | BUFG/O          | n/a               | clk_fpga_0 |      10.000 | {0.000 5.000} |       15152 |        0 |              0 |        0 | design_with_dvb_s2_i/sys_ps7/inst/FCLK_CLK0 |
+-----------+-----------------+-------------------+------------+-------------+---------------+-------------+----------+----------------+----------+---------------------------------------------+
* Slice Loads column represents load cell count of all cell types other than IO, GT and clock resources
** IO Loads column represents load cell count of IO types
*** Clocking Loads column represents load cell count that are clock resources (global clock buffer, MMCM, PLL, etc)
**** GT Loads column represents load cell count of GT types


+----+-------+-------+-----------------------+
|    | X0    | X1    | HORIZONTAL PROG DELAY |
+----+-------+-------+-----------------------+
| Y2 |   424 |   449 |                     0 |
| Y1 |  2892 |  2961 |                     0 |
| Y0 |  4405 |  4021 |                     0 |
+----+-------+-------+-----------------------+


7. Device Cell Placement Summary for Global Clock g1
----------------------------------------------------

+-----------+-----------------+-------------------+--------+-------------+---------------+-------------+----------+----------------+----------+---------------------------------------------------------+
| Global Id | Driver Type/Pin | Driver Region (D) | Clock  | Period (ns) | Waveform (ns) | Slice Loads | IO Loads | Clocking Loads | GT Loads | Net                                                     |
+-----------+-----------------+-------------------+--------+-------------+---------------+-------------+----------+----------------+----------+---------------------------------------------------------+
| g1        | BUFG/O          | n/a               | rx_clk |       4.000 | {0.000 2.000} |       10279 |        0 |              2 |        0 | design_with_dvb_s2_i/axi_ad9361/inst/i_dev_if/i_clk/clk |
+-----------+-----------------+-------------------+--------+-------------+---------------+-------------+----------+----------------+----------+---------------------------------------------------------+
* Slice Loads column represents load cell count of all cell types other than IO, GT and clock resources
** IO Loads column represents load cell count of IO types
*** Clocking Loads column represents load cell count that are clock resources (global clock buffer, MMCM, PLL, etc)
**** GT Loads column represents load cell count of GT types


+----+------+-------+-----------------------+
|    | X0   | X1    | HORIZONTAL PROG DELAY |
+----+------+-------+-----------------------+
| Y2 |  116 |   640 |                     0 |
| Y1 |  596 |  4135 |                     0 |
| Y0 |   28 |  4766 |                     0 |
+----+------+-------+-----------------------+


8. Device Cell Placement Summary for Global Clock g2
----------------------------------------------------

+-----------+-----------------+-------------------+----------+-------------+---------------+-------------+----------+----------------+----------+------------------------------------------------------+
| Global Id | Driver Type/Pin | Driver Region (D) | Clock    | Period (ns) | Waveform (ns) | Slice Loads | IO Loads | Clocking Loads | GT Loads | Net                                                  |
+-----------+-----------------+-------------------+----------+-------------+---------------+-------------+----------+----------------+----------+------------------------------------------------------+
| g2        | BUFGCTRL/O      | n/a               | Multiple |      16.000 | {0.000 8.000} |         531 |        0 |              0 |        0 | design_with_dvb_s2_i/util_ad9361_divclk/inst/clk_out |
+-----------+-----------------+-------------------+----------+-------------+---------------+-------------+----------+----------------+----------+------------------------------------------------------+
* Slice Loads column represents load cell count of all cell types other than IO, GT and clock resources
** IO Loads column represents load cell count of IO types
*** Clocking Loads column represents load cell count that are clock resources (global clock buffer, MMCM, PLL, etc)
**** GT Loads column represents load cell count of GT types


+----+------+------+-----------------------+
|    | X0   | X1   | HORIZONTAL PROG DELAY |
+----+------+------+-----------------------+
| Y2 |    0 |    0 |                     - |
| Y1 |  247 |  284 |                     0 |
| Y0 |    0 |    0 |                     - |
+----+------+------+-----------------------+


9. Device Cell Placement Summary for Global Clock g3
----------------------------------------------------

+-----------+-----------------+-------------------+------------+-------------+---------------+-------------+----------+----------------+----------+---------------------------------------------+
| Global Id | Driver Type/Pin | Driver Region (D) | Clock      | Period (ns) | Waveform (ns) | Slice Loads | IO Loads | Clocking Loads | GT Loads | Net                                         |
+-----------+-----------------+-------------------+------------+-------------+---------------+-------------+----------+----------------+----------+---------------------------------------------+
| g3        | BUFG/O          | n/a               | clk_fpga_1 |       5.000 | {0.000 2.500} |           6 |        0 |              0 |        0 | design_with_dvb_s2_i/sys_ps7/inst/FCLK_CLK1 |
+-----------+-----------------+-------------------+------------+-------------+---------------+-------------+----------+----------------+----------+---------------------------------------------+
* Slice Loads column represents load cell count of all cell types other than IO, GT and clock resources
** IO Loads column represents load cell count of IO types
*** Clocking Loads column represents load cell count that are clock resources (global clock buffer, MMCM, PLL, etc)
**** GT Loads column represents load cell count of GT types


+----+----+----+-----------------------+
|    | X0 | X1 | HORIZONTAL PROG DELAY |
+----+----+----+-----------------------+
| Y2 |  0 |  0 |                     - |
| Y1 |  0 |  6 |                     0 |
| Y0 |  0 |  0 |                     - |
+----+----+----+-----------------------+


10. Device Cell Placement Summary for Global Clock g4
-----------------------------------------------------

+-----------+-----------------+-------------------+-----------------+-------------+---------------+-------------+----------+----------------+----------+--------------------------------------------------------------+
| Global Id | Driver Type/Pin | Driver Region (D) | Clock           | Period (ns) | Waveform (ns) | Slice Loads | IO Loads | Clocking Loads | GT Loads | Net                                                          |
+-----------+-----------------+-------------------+-----------------+-------------+---------------+-------------+----------+----------------+----------+--------------------------------------------------------------+
| g4        | BUFR/O          | X1Y2              | clk_div_sel_0_s |      16.000 | {0.000 8.000} |           0 |        0 |              1 |        0 | design_with_dvb_s2_i/util_ad9361_divclk/inst/clk_div_sel_0_s |
+-----------+-----------------+-------------------+-----------------+-------------+---------------+-------------+----------+----------------+----------+--------------------------------------------------------------+
* Slice Loads column represents load cell count of all cell types other than IO, GT and clock resources
** IO Loads column represents load cell count of IO types
*** Clocking Loads column represents load cell count that are clock resources (global clock buffer, MMCM, PLL, etc)
**** GT Loads column represents load cell count of GT types


+----+----+--------+-----------------------+
|    | X0 | X1     | HORIZONTAL PROG DELAY |
+----+----+--------+-----------------------+
| Y2 |  0 |  (D) 0 |                     - |
| Y1 |  0 |      0 |                     - |
| Y0 |  0 |      0 |                     - |
+----+----+--------+-----------------------+


11. Device Cell Placement Summary for Global Clock g5
-----------------------------------------------------

+-----------+-----------------+-------------------+-----------------+-------------+---------------+-------------+----------+----------------+----------+--------------------------------------------------------------+
| Global Id | Driver Type/Pin | Driver Region (D) | Clock           | Period (ns) | Waveform (ns) | Slice Loads | IO Loads | Clocking Loads | GT Loads | Net                                                          |
+-----------+-----------------+-------------------+-----------------+-------------+---------------+-------------+----------+----------------+----------+--------------------------------------------------------------+
| g5        | BUFR/O          | X1Y2              | clk_div_sel_1_s |       8.000 | {0.000 4.000} |           0 |        0 |              1 |        0 | design_with_dvb_s2_i/util_ad9361_divclk/inst/clk_div_sel_1_s |
+-----------+-----------------+-------------------+-----------------+-------------+---------------+-------------+----------+----------------+----------+--------------------------------------------------------------+
* Slice Loads column represents load cell count of all cell types other than IO, GT and clock resources
** IO Loads column represents load cell count of IO types
*** Clocking Loads column represents load cell count that are clock resources (global clock buffer, MMCM, PLL, etc)
**** GT Loads column represents load cell count of GT types


+----+----+--------+-----------------------+
|    | X0 | X1     | HORIZONTAL PROG DELAY |
+----+----+--------+-----------------------+
| Y2 |  0 |  (D) 0 |                     - |
| Y1 |  0 |      0 |                     - |
| Y0 |  0 |      0 |                     - |
+----+----+--------+-----------------------+


12. Clock Region Cell Placement per Global Clock: Region X0Y0
-------------------------------------------------------------

+-----------+-------+-----------------+------------+-------------+-----------------+------+-------------+------+-----+----+------+-----+---------+---------------------------------------------------------+
| Global Id | Track | Driver Type/Pin | Constraint | Clock Loads | Non-Clock Loads | FF   | Memory LUTs | RAMB | DSP | GT | MMCM | PLL | Hard IP | Net                                                     |
+-----------+-------+-----------------+------------+-------------+-----------------+------+-------------+------+-----+----+------+-----+---------+---------------------------------------------------------+
| g0        | n/a   | BUFG/O          | None       |        4405 |               0 | 4343 |          54 |    8 |   0 |  0 |    0 |   0 |       0 | design_with_dvb_s2_i/sys_ps7/inst/FCLK_CLK0             |
| g1        | n/a   | BUFG/O          | None       |          28 |               0 |   25 |           0 |    0 |   3 |  0 |    0 |   0 |       0 | design_with_dvb_s2_i/axi_ad9361/inst/i_dev_if/i_clk/clk |
+-----------+-------+-----------------+------------+-------------+-----------------+------+-------------+------+-----+----+------+-----+---------+---------------------------------------------------------+
* Clock Loads column represents the clock pin loads (pin count)
** Non-Clock Loads column represents the non-clock pin loads (pin count)
*** Columns FF, LUTRAM, RAMB through 'Hard IP' represents load cell counts


13. Clock Region Cell Placement per Global Clock: Region X1Y0
-------------------------------------------------------------

+-----------+-------+-----------------+------------+-------------+-----------------+------+-------------+------+-----+----+------+-----+---------+---------------------------------------------------------+
| Global Id | Track | Driver Type/Pin | Constraint | Clock Loads | Non-Clock Loads | FF   | Memory LUTs | RAMB | DSP | GT | MMCM | PLL | Hard IP | Net                                                     |
+-----------+-------+-----------------+------------+-------------+-----------------+------+-------------+------+-----+----+------+-----+---------+---------------------------------------------------------+
| g0        | n/a   | BUFG/O          | None       |        4021 |               0 | 4011 |           0 |   10 |   0 |  0 |    0 |   0 |       0 | design_with_dvb_s2_i/sys_ps7/inst/FCLK_CLK0             |
| g1        | n/a   | BUFG/O          | None       |        4766 |               0 | 4685 |          69 |    0 |  12 |  0 |    0 |   0 |       0 | design_with_dvb_s2_i/axi_ad9361/inst/i_dev_if/i_clk/clk |
+-----------+-------+-----------------+------------+-------------+-----------------+------+-------------+------+-----+----+------+-----+---------+---------------------------------------------------------+
* Clock Loads column represents the clock pin loads (pin count)
** Non-Clock Loads column represents the non-clock pin loads (pin count)
*** Columns FF, LUTRAM, RAMB through 'Hard IP' represents load cell counts


14. Clock Region Cell Placement per Global Clock: Region X0Y1
-------------------------------------------------------------

+-----------+-------+-----------------+------------+-------------+-----------------+------+-------------+------+-----+----+------+-----+---------+---------------------------------------------------------+
| Global Id | Track | Driver Type/Pin | Constraint | Clock Loads | Non-Clock Loads | FF   | Memory LUTs | RAMB | DSP | GT | MMCM | PLL | Hard IP | Net                                                     |
+-----------+-------+-----------------+------------+-------------+-----------------+------+-------------+------+-----+----+------+-----+---------+---------------------------------------------------------+
| g0        | n/a   | BUFG/O          | None       |        2892 |               0 | 2736 |         155 |    1 |   0 |  0 |    0 |   0 |       0 | design_with_dvb_s2_i/sys_ps7/inst/FCLK_CLK0             |
| g1        | n/a   | BUFG/O          | None       |         596 |               0 |  427 |         168 |    1 |   0 |  0 |    0 |   0 |       0 | design_with_dvb_s2_i/axi_ad9361/inst/i_dev_if/i_clk/clk |
| g2        | n/a   | BUFGCTRL/O      | None       |         247 |               0 |  245 |           0 |    2 |   0 |  0 |    0 |   0 |       0 | design_with_dvb_s2_i/util_ad9361_divclk/inst/clk_out    |
+-----------+-------+-----------------+------------+-------------+-----------------+------+-------------+------+-----+----+------+-----+---------+---------------------------------------------------------+
* Clock Loads column represents the clock pin loads (pin count)
** Non-Clock Loads column represents the non-clock pin loads (pin count)
*** Columns FF, LUTRAM, RAMB through 'Hard IP' represents load cell counts


15. Clock Region Cell Placement per Global Clock: Region X1Y1
-------------------------------------------------------------

+-----------+-------+-----------------+------------+-------------+-----------------+------+-------------+------+-----+----+------+-----+---------+---------------------------------------------------------+
| Global Id | Track | Driver Type/Pin | Constraint | Clock Loads | Non-Clock Loads | FF   | Memory LUTs | RAMB | DSP | GT | MMCM | PLL | Hard IP | Net                                                     |
+-----------+-------+-----------------+------------+-------------+-----------------+------+-------------+------+-----+----+------+-----+---------+---------------------------------------------------------+
| g0        | n/a   | BUFG/O          | None       |        2961 |               0 | 2953 |           0 |    1 |   0 |  0 |    0 |   0 |       0 | design_with_dvb_s2_i/sys_ps7/inst/FCLK_CLK0             |
| g1        | n/a   | BUFG/O          | None       |        4135 |               0 | 3788 |         321 |    0 |   8 |  0 |    0 |   0 |       0 | design_with_dvb_s2_i/axi_ad9361/inst/i_dev_if/i_clk/clk |
| g2        | n/a   | BUFGCTRL/O      | None       |         284 |               0 |  282 |           1 |    0 |   0 |  0 |    0 |   0 |       0 | design_with_dvb_s2_i/util_ad9361_divclk/inst/clk_out    |
| g3        | n/a   | BUFG/O          | None       |           6 |               0 |    5 |           0 |    0 |   0 |  0 |    0 |   0 |       0 | design_with_dvb_s2_i/sys_ps7/inst/FCLK_CLK1             |
+-----------+-------+-----------------+------------+-------------+-----------------+------+-------------+------+-----+----+------+-----+---------+---------------------------------------------------------+
* Clock Loads column represents the clock pin loads (pin count)
** Non-Clock Loads column represents the non-clock pin loads (pin count)
*** Columns FF, LUTRAM, RAMB through 'Hard IP' represents load cell counts


16. Clock Region Cell Placement per Global Clock: Region X0Y2
-------------------------------------------------------------

+-----------+-------+-----------------+------------+-------------+-----------------+-----+-------------+------+-----+----+------+-----+---------+---------------------------------------------------------+
| Global Id | Track | Driver Type/Pin | Constraint | Clock Loads | Non-Clock Loads | FF  | Memory LUTs | RAMB | DSP | GT | MMCM | PLL | Hard IP | Net                                                     |
+-----------+-------+-----------------+------------+-------------+-----------------+-----+-------------+------+-----+----+------+-----+---------+---------------------------------------------------------+
| g0        | n/a   | BUFG/O          | None       |         424 |               0 | 404 |          19 |    0 |   0 |  0 |    0 |   0 |       0 | design_with_dvb_s2_i/sys_ps7/inst/FCLK_CLK0             |
| g1        | n/a   | BUFG/O          | None       |         116 |               0 | 108 |           8 |    0 |   0 |  0 |    0 |   0 |       0 | design_with_dvb_s2_i/axi_ad9361/inst/i_dev_if/i_clk/clk |
+-----------+-------+-----------------+------------+-------------+-----------------+-----+-------------+------+-----+----+------+-----+---------+---------------------------------------------------------+
* Clock Loads column represents the clock pin loads (pin count)
** Non-Clock Loads column represents the non-clock pin loads (pin count)
*** Columns FF, LUTRAM, RAMB through 'Hard IP' represents load cell counts


17. Clock Region Cell Placement per Global Clock: Region X1Y2
-------------------------------------------------------------

+-----------+-------+-----------------+------------+-------------+-----------------+-----+-------------+------+-----+----+------+-----+---------+---------------------------------------------------------+
| Global Id | Track | Driver Type/Pin | Constraint | Clock Loads | Non-Clock Loads | FF  | Memory LUTs | RAMB | DSP | GT | MMCM | PLL | Hard IP | Net                                                     |
+-----------+-------+-----------------+------------+-------------+-----------------+-----+-------------+------+-----+----+------+-----+---------+---------------------------------------------------------+
| g0        | n/a   | BUFG/O          | None       |         449 |               0 | 449 |           0 |    0 |   0 |  0 |    0 |   0 |       0 | design_with_dvb_s2_i/sys_ps7/inst/FCLK_CLK0             |
| g1        | n/a   | BUFG/O          | None       |         638 |               2 | 561 |          72 |    0 |   5 |  0 |    0 |   0 |       0 | design_with_dvb_s2_i/axi_ad9361/inst/i_dev_if/i_clk/clk |
+-----------+-------+-----------------+------------+-------------+-----------------+-----+-------------+------+-----+----+------+-----+---------+---------------------------------------------------------+
* Clock Loads column represents the clock pin loads (pin count)
** Non-Clock Loads column represents the non-clock pin loads (pin count)
*** Columns FF, LUTRAM, RAMB through 'Hard IP' represents load cell counts



# Location of BUFG Primitives 
set_property LOC BUFGCTRL_X0Y19 [get_cells design_with_dvb_s2_i/util_ad9361_divclk/inst/i_div_clk_gbuf]
set_property LOC BUFGCTRL_X0Y18 [get_cells design_with_dvb_s2_i/sys_ps7/inst/buffer_fclk_clk_1.FCLK_CLK_1_BUFG]
set_property LOC BUFGCTRL_X0Y16 [get_cells design_with_dvb_s2_i/sys_ps7/inst/buffer_fclk_clk_0.FCLK_CLK_0_BUFG]
set_property LOC BUFGCTRL_X0Y17 [get_cells design_with_dvb_s2_i/axi_ad9361/inst/i_dev_if/i_clk/i_clk_gbuf]

# Location of BUFR Primitives 
set_property LOC BUFR_X1Y8 [get_cells design_with_dvb_s2_i/util_ad9361_divclk/inst/clk_divide_sel_1]
set_property LOC BUFR_X1Y9 [get_cells design_with_dvb_s2_i/util_ad9361_divclk/inst/clk_divide_sel_0]

# Location of IO Primitives which is load of clock spine

# Location of clock ports
set_property LOC IOB_X1Y77 [get_ports rx_clk_in_n]
set_property LOC IOB_X1Y78 [get_ports rx_clk_in_p]

# Clock net "design_with_dvb_s2_i/util_ad9361_divclk/inst/clk_out" driven by instance "design_with_dvb_s2_i/util_ad9361_divclk/inst/i_div_clk_gbuf" located at site "BUFGCTRL_X0Y19"
#startgroup
create_pblock {CLKAG_design_with_dvb_s2_i/util_ad9361_divclk/inst/clk_out}
add_cells_to_pblock [get_pblocks  {CLKAG_design_with_dvb_s2_i/util_ad9361_divclk/inst/clk_out}] [get_cells -filter { PRIMITIVE_GROUP != I/O && IS_PRIMITIVE==1 && PRIMITIVE_LEVEL !=INTERNAL } -of_object [get_pins -filter {DIRECTION==IN} -of_objects [get_nets -hierarchical -filter {PARENT=="design_with_dvb_s2_i/util_ad9361_divclk/inst/clk_out"}]]]
resize_pblock [get_pblocks {CLKAG_design_with_dvb_s2_i/util_ad9361_divclk/inst/clk_out}] -add {CLOCKREGION_X0Y1:CLOCKREGION_X0Y1 CLOCKREGION_X1Y1:CLOCKREGION_X1Y1}
#endgroup

# Clock net "design_with_dvb_s2_i/sys_ps7/inst/FCLK_CLK1" driven by instance "design_with_dvb_s2_i/sys_ps7/inst/buffer_fclk_clk_1.FCLK_CLK_1_BUFG" located at site "BUFGCTRL_X0Y18"
#startgroup
create_pblock {CLKAG_design_with_dvb_s2_i/sys_ps7/inst/FCLK_CLK1}
add_cells_to_pblock [get_pblocks  {CLKAG_design_with_dvb_s2_i/sys_ps7/inst/FCLK_CLK1}] [get_cells -filter { PRIMITIVE_GROUP != I/O && IS_PRIMITIVE==1 && PRIMITIVE_LEVEL !=INTERNAL } -of_object [get_pins -filter {DIRECTION==IN} -of_objects [get_nets -hierarchical -filter {PARENT=="design_with_dvb_s2_i/sys_ps7/inst/FCLK_CLK1"}]]]
resize_pblock [get_pblocks {CLKAG_design_with_dvb_s2_i/sys_ps7/inst/FCLK_CLK1}] -add {CLOCKREGION_X1Y1:CLOCKREGION_X1Y1}
#endgroup

# Clock net "design_with_dvb_s2_i/sys_ps7/inst/FCLK_CLK0" driven by instance "design_with_dvb_s2_i/sys_ps7/inst/buffer_fclk_clk_0.FCLK_CLK_0_BUFG" located at site "BUFGCTRL_X0Y16"
#startgroup
create_pblock {CLKAG_design_with_dvb_s2_i/sys_ps7/inst/FCLK_CLK0}
add_cells_to_pblock [get_pblocks  {CLKAG_design_with_dvb_s2_i/sys_ps7/inst/FCLK_CLK0}] [get_cells -filter { PRIMITIVE_GROUP != I/O && IS_PRIMITIVE==1 && PRIMITIVE_LEVEL !=INTERNAL } -of_object [get_pins -filter {DIRECTION==IN} -of_objects [get_nets -hierarchical -filter {PARENT=="design_with_dvb_s2_i/sys_ps7/inst/FCLK_CLK0"}]]]
resize_pblock [get_pblocks {CLKAG_design_with_dvb_s2_i/sys_ps7/inst/FCLK_CLK0}] -add {CLOCKREGION_X0Y0:CLOCKREGION_X0Y0 CLOCKREGION_X0Y1:CLOCKREGION_X0Y1 CLOCKREGION_X0Y2:CLOCKREGION_X0Y2 CLOCKREGION_X1Y0:CLOCKREGION_X1Y0 CLOCKREGION_X1Y1:CLOCKREGION_X1Y1 CLOCKREGION_X1Y2:CLOCKREGION_X1Y2}
#endgroup

# Clock net "design_with_dvb_s2_i/axi_ad9361/inst/i_dev_if/i_clk/clk" driven by instance "design_with_dvb_s2_i/axi_ad9361/inst/i_dev_if/i_clk/i_clk_gbuf" located at site "BUFGCTRL_X0Y17"
#startgroup
create_pblock {CLKAG_design_with_dvb_s2_i/axi_ad9361/inst/i_dev_if/i_clk/clk}
add_cells_to_pblock [get_pblocks  {CLKAG_design_with_dvb_s2_i/axi_ad9361/inst/i_dev_if/i_clk/clk}] [get_cells -filter { PRIMITIVE_GROUP != I/O && IS_PRIMITIVE==1 && PRIMITIVE_LEVEL !=INTERNAL && NAME!=design_with_dvb_s2_i/util_ad9361_divclk/inst/clk_divide_sel_1 && NAME!=design_with_dvb_s2_i/util_ad9361_divclk/inst/clk_divide_sel_0} -of_object [get_pins -filter {DIRECTION==IN} -of_objects [get_nets -hierarchical -filter {PARENT=="design_with_dvb_s2_i/axi_ad9361/inst/i_dev_if/i_clk/clk"}]]]
resize_pblock [get_pblocks {CLKAG_design_with_dvb_s2_i/axi_ad9361/inst/i_dev_if/i_clk/clk}] -add {CLOCKREGION_X0Y0:CLOCKREGION_X0Y0 CLOCKREGION_X0Y1:CLOCKREGION_X0Y1 CLOCKREGION_X0Y2:CLOCKREGION_X0Y2 CLOCKREGION_X1Y0:CLOCKREGION_X1Y0 CLOCKREGION_X1Y1:CLOCKREGION_X1Y1 CLOCKREGION_X1Y2:CLOCKREGION_X1Y2}
#endgroup
